<html>
<body>
<pre>
<h1>µVision Build Log</h1>
<h2>Tool Versions:</h2>
IDE-Version: µVision V5.31.0.0
Copyright (C) 2020 ARM Ltd and ARM Germany GmbH. All rights reserved.
License Information: H Jagadeeshwarh, Sioux, LIC=FQQQD-S35L4-V7PJP-5I4HH-VUYX7-SR4RG
 
Tool Versions:
Toolchain:       MDK-ARM Professional  Version: 5.31.0.0
Toolchain Path:  C:\Keil_core\ARM\ARMCC\Bin
C Compiler:      Armcc.exe V5.06 update 6 (build 750)
Assembler:       Armasm.exe V5.06 update 6 (build 750)
Linker/Locator:  ArmLink.exe V5.06 update 6 (build 750)
Library Manager: ArmAr.exe V5.06 update 6 (build 750)
Hex Converter:   FromElf.exe V5.06 update 6 (build 750)
CPU DLL:         SARMCM3.DLL V5.31.0.0
Dialog DLL:      DARMCM1.DLL V1.19.3.0
Target DLL:      UL2CM3.DLL V1.163.4.0
Dialog DLL:      TARMCM1.DLL V1.14.2.0
 
<h2>Project:</h2>
C:\Users\Jagadeeshwarh\Documents\GreenSensorNode\Projects\Multi\Applications\LoRa\DRAGINO-LRWAN(AT)\MDK-ARM\STM32L072CZ\Lora.uvprojx
Project File Date:  07/29/2020

<h2>Output:</h2>
*** Using Compiler 'V5.06 update 6 (build 750)', folder: 'C:\Keil_core\ARM\ARMCC\Bin'
Build target 'sx1276mb1las'
compiling main.c...
linking...
Program Size: Code=46052 RO-data=5204 RW-data=500 ZI-data=5108  
FromELF: creating hex file...
.\sx1276mb1las\NUCLEO_CUBE_LORA.hex: Warning: Q9931W: Your license for feature Keil will expire in 9 days
Finished: 0 information, 1 warning and 0 error messages.
".\sx1276mb1las\NUCLEO_CUBE_LORA.axf" - 0 Error(s), 0 Warning(s).

<h2>Software Packages used:</h2>

Package Vendor: Keil
                http://www.keil.com/pack/Keil.STM32L0xx_DFP.2.1.0.pack
                Keil.STM32L0xx_DFP.2.1.0
                STMicroelectronics STM32L0 Series Device Support, Drivers and Examples

<h2>Collection of Component include folders:</h2>
  C:\Users\Jagadeeshwarh\AppData\Local\Arm\Packs\Keil\STM32L0xx_DFP\2.1.0\Drivers\CMSIS\Device\ST\STM32L0xx\Include

<h2>Collection of Component Files used:</h2>
Build Time Elapsed:  00:00:01
</pre>
</body>
</html>
